2024-07-03 22:37:34 [    INFO] This user already exist, so please login with this user crediantials
2024-07-03 22:37:41 [    INFO] User is logged in with upswing_user_01 username
2024-07-03 22:37:58 [    INFO] Selected product - Sony vaio i7 is successfully added to the cart
2024-07-03 22:38:03 [    INFO] Closed the driver session.
